---
http_interactions:
- request:
    method: get
    uri: https://crix-api-sg-tv.upbit.com/v1/crix/tradingview/symbol_info?group=IDR&region=id
    body:
      encoding: UTF-8
      string: ''
    headers:
      Connection:
      - close
      Host:
      - crix-api-sg-tv.upbit.com
      User-Agent:
      - http.rb/5.0.0.pre
  response:
    status:
      code: 200
      message: OK
    headers:
      Date:
      - Thu, 24 Oct 2019 04:32:22 GMT
      Content-Type:
      - application/json;charset=UTF-8
      Content-Length:
      - '2851'
      Connection:
      - close
      Etag:
      - '"0a322f27cbae9971bf7546a38ee2ddbb7"'
      X-Content-Type-Options:
      - nosniff
      X-Xss-Protection:
      - 1; mode=block
      Cache-Control:
      - no-cache, no-store, max-age=0, must-revalidate
      Pragma:
      - no-cache
      Expires:
      - '0'
      X-Frame-Options:
      - DENY
      Vary:
      - accept-encoding
    body:
      encoding: UTF-8
      string: '{"symbol":["ETHIDR","XRPIDR","BTCIDR","ICXIDR","TRXIDR","BCHIDR","NPXSIDR","BSVIDR","USDTIDR","BTGIDR","FXIDR","BTTIDR","ONTIDR","ONGIDR","KLAYIDR"],"currency":["IDR","IDR","IDR","IDR","IDR","IDR","IDR","IDR","IDR","IDR","IDR","IDR","IDR","IDR","IDR"],"ticker":["ETHIDR","XRPIDR","BTCIDR","ICXIDR","TRXIDR","BCHIDR","NPXSIDR","BSVIDR","USDTIDR","BTGIDR","FXIDR","BTTIDR","ONTIDR","ONGIDR","KLAYIDR"],"description":["ETH/IDR","XRP/IDR","BTC/IDR","ICX/IDR","TRX/IDR","BCH/IDR","NPXS/IDR","BSV/IDR","USDT/IDR","BTG/IDR","FX/IDR","BTT/IDR","ONT/IDR","ONG/IDR","KLAY/IDR"],"upbit-symbol":["CRIX.UPBIT.IDR-ETH","CRIX.UPBIT.IDR-XRP","CRIX.UPBIT.IDR-BTC","CRIX.UPBIT.IDR-ICX","CRIX.UPBIT.IDR-TRX","CRIX.UPBIT.IDR-BCH","CRIX.UPBIT.IDR-NPXS","CRIX.UPBIT.IDR-BSV","CRIX.UPBIT.IDR-USDT","CRIX.UPBIT.IDR-BTG","CRIX.UPBIT.IDR-FX","CRIX.UPBIT.IDR-BTT","CRIX.UPBIT.IDR-ONT","CRIX.UPBIT.IDR-ONG","CRIX.UPBIT.IDR-KLAY"],"base-currency":["ETH","XRP","BTC","ICX","TRX","BCH","NPXS","BSV","USDT","BTG","FX","BTT","ONT","ONG","KLAY"],"exchange-listed":"UPBIT","exchange-traded":"UPBIT","minmovement":1,"minmov2":null,"fractional":false,"pricescale":[1,1,1,1,1,1,1,1,1,1,1,1,1,1,1],"has-intraday":true,"has-no-volume":[false,false,false,false,false,false,false,false,false,false,false,false,false,false,false],"type":["crypto","crypto","crypto","crypto","crypto","crypto","crypto","crypto","crypto","crypto","crypto","crypto","crypto","crypto","crypto"],"timezone":"Etc/UTC","session-regular":"24x7","has-daily":true,"has-weekly-and-monthly":false,"intraday-multipliers":[["1","3","5","10","15","30","60","240"],["1","3","5","10","15","30","60","240"],["1","3","5","10","15","30","60","240"],["1","3","5","10","15","30","60","240"],["1","3","5","10","15","30","60","240"],["1","3","5","10","15","30","60","240"],["1","3","5","10","15","30","60","240"],["1","3","5","10","15","30","60","240"],["1","3","5","10","15","30","60","240"],["1","3","5","10","15","30","60","240"],["1","3","5","10","15","30","60","240"],["1","3","5","10","15","30","60","240"],["1","3","5","10","15","30","60","240"],["1","3","5","10","15","30","60","240"],["1","3","5","10","15","30","60","240"]],"supported-resolutions":[["1","3","5","10","15","30","60","240","1D"],["1","3","5","10","15","30","60","240","1D"],["1","3","5","10","15","30","60","240","1D"],["1","3","5","10","15","30","60","240","1D"],["1","3","5","10","15","30","60","240","1D"],["1","3","5","10","15","30","60","240","1D"],["1","3","5","10","15","30","60","240","1D"],["1","3","5","10","15","30","60","240","1D"],["1","3","5","10","15","30","60","240","1D"],["1","3","5","10","15","30","60","240","1D"],["1","3","5","10","15","30","60","240","1D"],["1","3","5","10","15","30","60","240","1D"],["1","3","5","10","15","30","60","240","1D"],["1","3","5","10","15","30","60","240","1D"],["1","3","5","10","15","30","60","240","1D"]]}'
    http_version: 
  recorded_at: Thu, 24 Oct 2019 04:32:22 GMT
- request:
    method: get
    uri: https://crix-api-sg-tv.upbit.com/v1/crix/tradingview/symbol_info?group=BTC&region=id
    body:
      encoding: UTF-8
      string: ''
    headers:
      Connection:
      - close
      Host:
      - crix-api-sg-tv.upbit.com
      User-Agent:
      - http.rb/5.0.0.pre
  response:
    status:
      code: 200
      message: OK
    headers:
      Date:
      - Thu, 24 Oct 2019 04:32:23 GMT
      Content-Type:
      - application/json;charset=UTF-8
      Content-Length:
      - '30284'
      Connection:
      - close
      Etag:
      - '"0a6e4a994b9ea32df976a0382d1addfb2"'
      X-Content-Type-Options:
      - nosniff
      X-Xss-Protection:
      - 1; mode=block
      Cache-Control:
      - no-cache, no-store, max-age=0, must-revalidate
      Pragma:
      - no-cache
      Expires:
      - '0'
      X-Frame-Options:
      - DENY
      Vary:
      - accept-encoding
    body:
      encoding: UTF-8
      string: '{"symbol":["ETHBTC","LTCBTC","STRATBTC","XRPBTC","ETCBTC","OMGBTC","CVCBTC","DGBBTC","PAYBTC","SCBTC","SNTBTC","XVGBTC","WAVESBTC","NMRBTC","GBYTEBTC","XEMBTC","LBCBTC","QTUMBTC","GNTBTC","NXTBTC","BATBTC","XELBTC","LSKBTC","RDDBTC","DCTBTC","STEEMBTC","GAMEBTC","FCTBTC","PTOYBTC","DCRBTC","DOGEBTC","BNTBTC","XLMBTC","PARTBTC","MCOBTC","UBQBTC","ARDRBTC","KMDBTC","ARKBTC","ADXBTC","SYSBTC","ANTBTC","MUEBTC","XDNBTC","STORJBTC","QRLBTC","NXSBTC","GRSBTC","VTCBTC","SIBBTC","REPBTC","VIABTC","SWTBTC","MONABTC","AMPBTC","HMQBTC","RLCBTC","BLOCKBTC","MEMEBTC","OKBTC","XZCBTC","ADTBTC","FTCBTC","IONBTC","GNOBTC","EMC2BTC","EXCLBTC","EXPBTC","VRCBTC","BURSTBTC","BLKBTC","ZENBTC","RADSBTC","NAVBTC","ADABTC","MANABTC","SBDBTC","RCNBTC","VIBBTC","POWRBTC","ENGBTC","UKGBTC","DNTBTC","IGNISBTC","SRNBTC","ZRXBTC","VEEBTC","BCPTBTC","TRXBTC","TUSDBTC","LRCBTC","RVRBTC","UPBTC","DMTBTC","POLYBTC","PROBTC","BLTBTC","STORMBTC","AIDBTC","NGCBTC","GTOBTC","OCNBTC","CMCTBTC","BCHBTC","BKXBTC","MFTBTC","LOOMBTC","RFRBTC","RVNBTC","BFTBTC","GOBTC","UPPBTC","ENJBTC","METBTC","HYDROBTC","CRWBTC","DTABTC","EDRBTC","BOXXBTC","IHTBTC","MTLBTC","PMABTC","PALBTC","PAXBTC","OSTBTC","ZILBTC","MOCBTC","NPXSBTC","MEDXBTC","SPCBTC","BSVBTC","IOSTBTC","XNKBTC","NCASHBTC","JNTBTC","LBABTC","DENTBTC","DRGNBTC","BTMBTC","ELFBTC","BTTBTC","VITEBTC","IOTXBTC","BTUBTC","SOLVEBTC","NKNBTC","QNTBTC","CTXCBTC","SPNDBTC","METABTC","SERVBTC","ANKRBTC","CROBTC","BTSBTC","FSNBTC","TTCBTC","VBKBTC","ORBSBTC","AERGOBTC","PIBTC","VDXBTC","COSMBTC","ATOMBTC","STPTBTC","CPTBTC","LAMBBTC","EOSBTC","LUNABTC","DAIBTC","MKRBTC","BORABTC","TSHPBTC","WAXPBTC"],"currency":["BTC","BTC","BTC","BTC","BTC","BTC","BTC","BTC","BTC","BTC","BTC","BTC","BTC","BTC","BTC","BTC","BTC","BTC","BTC","BTC","BTC","BTC","BTC","BTC","BTC","BTC","BTC","BTC","BTC","BTC","BTC","BTC","BTC","BTC","BTC","BTC","BTC","BTC","BTC","BTC","BTC","BTC","BTC","BTC","BTC","BTC","BTC","BTC","BTC","BTC","BTC","BTC","BTC","BTC","BTC","BTC","BTC","BTC","BTC","BTC","BTC","BTC","BTC","BTC","BTC","BTC","BTC","BTC","BTC","BTC","BTC","BTC","BTC","BTC","BTC","BTC","BTC","BTC","BTC","BTC","BTC","BTC","BTC","BTC","BTC","BTC","BTC","BTC","BTC","BTC","BTC","BTC","BTC","BTC","BTC","BTC","BTC","BTC","BTC","BTC","BTC","BTC","BTC","BTC","BTC","BTC","BTC","BTC","BTC","BTC","BTC","BTC","BTC","BTC","BTC","BTC","BTC","BTC","BTC","BTC","BTC","BTC","BTC","BTC","BTC","BTC","BTC","BTC","BTC","BTC","BTC","BTC","BTC","BTC","BTC","BTC","BTC","BTC","BTC","BTC","BTC","BTC","BTC","BTC","BTC","BTC","BTC","BTC","BTC","BTC","BTC","BTC","BTC","BTC","BTC","BTC","BTC","BTC","BTC","BTC","BTC","BTC","BTC","BTC","BTC","BTC","BTC","BTC","BTC","BTC","BTC","BTC","BTC"],"ticker":["ETHBTC","LTCBTC","STRATBTC","XRPBTC","ETCBTC","OMGBTC","CVCBTC","DGBBTC","PAYBTC","SCBTC","SNTBTC","XVGBTC","WAVESBTC","NMRBTC","GBYTEBTC","XEMBTC","LBCBTC","QTUMBTC","GNTBTC","NXTBTC","BATBTC","XELBTC","LSKBTC","RDDBTC","DCTBTC","STEEMBTC","GAMEBTC","FCTBTC","PTOYBTC","DCRBTC","DOGEBTC","BNTBTC","XLMBTC","PARTBTC","MCOBTC","UBQBTC","ARDRBTC","KMDBTC","ARKBTC","ADXBTC","SYSBTC","ANTBTC","MUEBTC","XDNBTC","STORJBTC","QRLBTC","NXSBTC","GRSBTC","VTCBTC","SIBBTC","REPBTC","VIABTC","SWTBTC","MONABTC","AMPBTC","HMQBTC","RLCBTC","BLOCKBTC","MEMEBTC","OKBTC","XZCBTC","ADTBTC","FTCBTC","IONBTC","GNOBTC","EMC2BTC","EXCLBTC","EXPBTC","VRCBTC","BURSTBTC","BLKBTC","ZENBTC","RADSBTC","NAVBTC","ADABTC","MANABTC","SBDBTC","RCNBTC","VIBBTC","POWRBTC","ENGBTC","UKGBTC","DNTBTC","IGNISBTC","SRNBTC","ZRXBTC","VEEBTC","BCPTBTC","TRXBTC","TUSDBTC","LRCBTC","RVRBTC","UPBTC","DMTBTC","POLYBTC","PROBTC","BLTBTC","STORMBTC","AIDBTC","NGCBTC","GTOBTC","OCNBTC","CMCTBTC","BCHBTC","BKXBTC","MFTBTC","LOOMBTC","RFRBTC","RVNBTC","BFTBTC","GOBTC","UPPBTC","ENJBTC","METBTC","HYDROBTC","CRWBTC","DTABTC","EDRBTC","BOXXBTC","IHTBTC","MTLBTC","PMABTC","PALBTC","PAXBTC","OSTBTC","ZILBTC","MOCBTC","NPXSBTC","MEDXBTC","SPCBTC","BSVBTC","IOSTBTC","XNKBTC","NCASHBTC","JNTBTC","LBABTC","DENTBTC","DRGNBTC","BTMBTC","ELFBTC","BTTBTC","VITEBTC","IOTXBTC","BTUBTC","SOLVEBTC","NKNBTC","QNTBTC","CTXCBTC","SPNDBTC","METABTC","SERVBTC","ANKRBTC","CROBTC","BTSBTC","FSNBTC","TTCBTC","VBKBTC","ORBSBTC","AERGOBTC","PIBTC","VDXBTC","COSMBTC","ATOMBTC","STPTBTC","CPTBTC","LAMBBTC","EOSBTC","LUNABTC","DAIBTC","MKRBTC","BORABTC","TSHPBTC","WAXPBTC"],"description":["ETH/BTC","LTC/BTC","STRAT/BTC","XRP/BTC","ETC/BTC","OMG/BTC","CVC/BTC","DGB/BTC","PAY/BTC","SC/BTC","SNT/BTC","XVG/BTC","WAVES/BTC","NMR/BTC","GBYTE/BTC","XEM/BTC","LBC/BTC","QTUM/BTC","GNT/BTC","NXT/BTC","BAT/BTC","XEL/BTC","LSK/BTC","RDD/BTC","DCT/BTC","STEEM/BTC","GAME/BTC","FCT/BTC","PTOY/BTC","DCR/BTC","DOGE/BTC","BNT/BTC","XLM/BTC","PART/BTC","MCO/BTC","UBQ/BTC","ARDR/BTC","KMD/BTC","ARK/BTC","ADX/BTC","SYS/BTC","ANT/BTC","MUE/BTC","XDN/BTC","STORJ/BTC","QRL/BTC","NXS/BTC","GRS/BTC","VTC/BTC","SIB/BTC","REP/BTC","VIA/BTC","SWT/BTC","MONA/BTC","AMP/BTC","HMQ/BTC","RLC/BTC","BLOCK/BTC","MEME/BTC","OK/BTC","XZC/BTC","ADT/BTC","FTC/BTC","ION/BTC","GNO/BTC","EMC2/BTC","EXCL/BTC","EXP/BTC","VRC/BTC","BURST/BTC","BLK/BTC","ZEN/BTC","RADS/BTC","NAV/BTC","ADA/BTC","MANA/BTC","SBD/BTC","RCN/BTC","VIB/BTC","POWR/BTC","ENG/BTC","UKG/BTC","DNT/BTC","IGNIS/BTC","SRN/BTC","ZRX/BTC","VEE/BTC","BCPT/BTC","TRX/BTC","TUSD/BTC","LRC/BTC","RVR/BTC","UP/BTC","DMT/BTC","POLY/BTC","PRO/BTC","BLT/BTC","STORM/BTC","AID/BTC","NGC/BTC","GTO/BTC","OCN/BTC","CMCT/BTC","BCH/BTC","BKX/BTC","MFT/BTC","LOOM/BTC","RFR/BTC","RVN/BTC","BFT/BTC","GO/BTC","UPP/BTC","ENJ/BTC","MET/BTC","HYDRO/BTC","CRW/BTC","DTA/BTC","EDR/BTC","BOXX/BTC","IHT/BTC","MTL/BTC","PMA/BTC","PAL/BTC","PAX/BTC","OST/BTC","ZIL/BTC","MOC/BTC","NPXS/BTC","MEDX/BTC","SPC/BTC","BSV/BTC","IOST/BTC","XNK/BTC","NCASH/BTC","JNT/BTC","LBA/BTC","DENT/BTC","DRGN/BTC","BTM/BTC","ELF/BTC","BTT/BTC","VITE/BTC","IOTX/BTC","BTU/BTC","SOLVE/BTC","NKN/BTC","QNT/BTC","CTXC/BTC","SPND/BTC","META/BTC","SERV/BTC","ANKR/BTC","CRO/BTC","BTS/BTC","FSN/BTC","TTC/BTC","VBK/BTC","ORBS/BTC","AERGO/BTC","PI/BTC","VDX/BTC","COSM/BTC","ATOM/BTC","STPT/BTC","CPT/BTC","LAMB/BTC","EOS/BTC","LUNA/BTC","DAI/BTC","MKR/BTC","BORA/BTC","TSHP/BTC","WAXP/BTC"],"upbit-symbol":["CRIX.UPBIT.BTC-ETH","CRIX.UPBIT.BTC-LTC","CRIX.UPBIT.BTC-STRAT","CRIX.UPBIT.BTC-XRP","CRIX.UPBIT.BTC-ETC","CRIX.UPBIT.BTC-OMG","CRIX.UPBIT.BTC-CVC","CRIX.UPBIT.BTC-DGB","CRIX.UPBIT.BTC-PAY","CRIX.UPBIT.BTC-SC","CRIX.UPBIT.BTC-SNT","CRIX.UPBIT.BTC-XVG","CRIX.UPBIT.BTC-WAVES","CRIX.UPBIT.BTC-NMR","CRIX.UPBIT.BTC-GBYTE","CRIX.UPBIT.BTC-XEM","CRIX.UPBIT.BTC-LBC","CRIX.UPBIT.BTC-QTUM","CRIX.UPBIT.BTC-GNT","CRIX.UPBIT.BTC-NXT","CRIX.UPBIT.BTC-BAT","CRIX.UPBIT.BTC-XEL","CRIX.UPBIT.BTC-LSK","CRIX.UPBIT.BTC-RDD","CRIX.UPBIT.BTC-DCT","CRIX.UPBIT.BTC-STEEM","CRIX.UPBIT.BTC-GAME","CRIX.UPBIT.BTC-FCT","CRIX.UPBIT.BTC-PTOY","CRIX.UPBIT.BTC-DCR","CRIX.UPBIT.BTC-DOGE","CRIX.UPBIT.BTC-BNT","CRIX.UPBIT.BTC-XLM","CRIX.UPBIT.BTC-PART","CRIX.UPBIT.BTC-MCO","CRIX.UPBIT.BTC-UBQ","CRIX.UPBIT.BTC-ARDR","CRIX.UPBIT.BTC-KMD","CRIX.UPBIT.BTC-ARK","CRIX.UPBIT.BTC-ADX","CRIX.UPBIT.BTC-SYS","CRIX.UPBIT.BTC-ANT","CRIX.UPBIT.BTC-MUE","CRIX.UPBIT.BTC-XDN","CRIX.UPBIT.BTC-STORJ","CRIX.UPBIT.BTC-QRL","CRIX.UPBIT.BTC-NXS","CRIX.UPBIT.BTC-GRS","CRIX.UPBIT.BTC-VTC","CRIX.UPBIT.BTC-SIB","CRIX.UPBIT.BTC-REP","CRIX.UPBIT.BTC-VIA","CRIX.UPBIT.BTC-SWT","CRIX.UPBIT.BTC-MONA","CRIX.UPBIT.BTC-AMP","CRIX.UPBIT.BTC-HMQ","CRIX.UPBIT.BTC-RLC","CRIX.UPBIT.BTC-BLOCK","CRIX.UPBIT.BTC-MEME","CRIX.UPBIT.BTC-OK","CRIX.UPBIT.BTC-XZC","CRIX.UPBIT.BTC-ADT","CRIX.UPBIT.BTC-FTC","CRIX.UPBIT.BTC-ION","CRIX.UPBIT.BTC-GNO","CRIX.UPBIT.BTC-EMC2","CRIX.UPBIT.BTC-EXCL","CRIX.UPBIT.BTC-EXP","CRIX.UPBIT.BTC-VRC","CRIX.UPBIT.BTC-BURST","CRIX.UPBIT.BTC-BLK","CRIX.UPBIT.BTC-ZEN","CRIX.UPBIT.BTC-RADS","CRIX.UPBIT.BTC-NAV","CRIX.UPBIT.BTC-ADA","CRIX.UPBIT.BTC-MANA","CRIX.UPBIT.BTC-SBD","CRIX.UPBIT.BTC-RCN","CRIX.UPBIT.BTC-VIB","CRIX.UPBIT.BTC-POWR","CRIX.UPBIT.BTC-ENG","CRIX.UPBIT.BTC-UKG","CRIX.UPBIT.BTC-DNT","CRIX.UPBIT.BTC-IGNIS","CRIX.UPBIT.BTC-SRN","CRIX.UPBIT.BTC-ZRX","CRIX.UPBIT.BTC-VEE","CRIX.UPBIT.BTC-BCPT","CRIX.UPBIT.BTC-TRX","CRIX.UPBIT.BTC-TUSD","CRIX.UPBIT.BTC-LRC","CRIX.UPBIT.BTC-RVR","CRIX.UPBIT.BTC-UP","CRIX.UPBIT.BTC-DMT","CRIX.UPBIT.BTC-POLY","CRIX.UPBIT.BTC-PRO","CRIX.UPBIT.BTC-BLT","CRIX.UPBIT.BTC-STORM","CRIX.UPBIT.BTC-AID","CRIX.UPBIT.BTC-NGC","CRIX.UPBIT.BTC-GTO","CRIX.UPBIT.BTC-OCN","CRIX.UPBIT.BTC-CMCT","CRIX.UPBIT.BTC-BCH","CRIX.UPBIT.BTC-BKX","CRIX.UPBIT.BTC-MFT","CRIX.UPBIT.BTC-LOOM","CRIX.UPBIT.BTC-RFR","CRIX.UPBIT.BTC-RVN","CRIX.UPBIT.BTC-BFT","CRIX.UPBIT.BTC-GO","CRIX.UPBIT.BTC-UPP","CRIX.UPBIT.BTC-ENJ","CRIX.UPBIT.BTC-MET","CRIX.UPBIT.BTC-HYDRO","CRIX.UPBIT.BTC-CRW","CRIX.UPBIT.BTC-DTA","CRIX.UPBIT.BTC-EDR","CRIX.UPBIT.BTC-BOXX","CRIX.UPBIT.BTC-IHT","CRIX.UPBIT.BTC-MTL","CRIX.UPBIT.BTC-PMA","CRIX.UPBIT.BTC-PAL","CRIX.UPBIT.BTC-PAX","CRIX.UPBIT.BTC-OST","CRIX.UPBIT.BTC-ZIL","CRIX.UPBIT.BTC-MOC","CRIX.UPBIT.BTC-NPXS","CRIX.UPBIT.BTC-MEDX","CRIX.UPBIT.BTC-SPC","CRIX.UPBIT.BTC-BSV","CRIX.UPBIT.BTC-IOST","CRIX.UPBIT.BTC-XNK","CRIX.UPBIT.BTC-NCASH","CRIX.UPBIT.BTC-JNT","CRIX.UPBIT.BTC-LBA","CRIX.UPBIT.BTC-DENT","CRIX.UPBIT.BTC-DRGN","CRIX.UPBIT.BTC-BTM","CRIX.UPBIT.BTC-ELF","CRIX.UPBIT.BTC-BTT","CRIX.UPBIT.BTC-VITE","CRIX.UPBIT.BTC-IOTX","CRIX.UPBIT.BTC-BTU","CRIX.UPBIT.BTC-SOLVE","CRIX.UPBIT.BTC-NKN","CRIX.UPBIT.BTC-QNT","CRIX.UPBIT.BTC-CTXC","CRIX.UPBIT.BTC-SPND","CRIX.UPBIT.BTC-META","CRIX.UPBIT.BTC-SERV","CRIX.UPBIT.BTC-ANKR","CRIX.UPBIT.BTC-CRO","CRIX.UPBIT.BTC-BTS","CRIX.UPBIT.BTC-FSN","CRIX.UPBIT.BTC-TTC","CRIX.UPBIT.BTC-VBK","CRIX.UPBIT.BTC-ORBS","CRIX.UPBIT.BTC-AERGO","CRIX.UPBIT.BTC-PI","CRIX.UPBIT.BTC-VDX","CRIX.UPBIT.BTC-COSM","CRIX.UPBIT.BTC-ATOM","CRIX.UPBIT.BTC-STPT","CRIX.UPBIT.BTC-CPT","CRIX.UPBIT.BTC-LAMB","CRIX.UPBIT.BTC-EOS","CRIX.UPBIT.BTC-LUNA","CRIX.UPBIT.BTC-DAI","CRIX.UPBIT.BTC-MKR","CRIX.UPBIT.BTC-BORA","CRIX.UPBIT.BTC-TSHP","CRIX.UPBIT.BTC-WAXP"],"base-currency":["ETH","LTC","STRAT","XRP","ETC","OMG","CVC","DGB","PAY","SC","SNT","XVG","WAVES","NMR","GBYTE","XEM","LBC","QTUM","GNT","NXT","BAT","XEL","LSK","RDD","DCT","STEEM","GAME","FCT","PTOY","DCR","DOGE","BNT","XLM","PART","MCO","UBQ","ARDR","KMD","ARK","ADX","SYS","ANT","MUE","XDN","STORJ","QRL","NXS","GRS","VTC","SIB","REP","VIA","SWT","MONA","AMP","HMQ","RLC","BLOCK","MEME","OK","XZC","ADT","FTC","ION","GNO","EMC2","EXCL","EXP","VRC","BURST","BLK","ZEN","RADS","NAV","ADA","MANA","SBD","RCN","VIB","POWR","ENG","UKG","DNT","IGNIS","SRN","ZRX","VEE","BCPT","TRX","TUSD","LRC","RVR","UP","DMT","POLY","PRO","BLT","STORM","AID","NGC","GTO","OCN","CMCT","BCH","BKX","MFT","LOOM","RFR","RVN","BFT","GO","UPP","ENJ","MET","HYDRO","CRW","DTA","EDR","BOXX","IHT","MTL","PMA","PAL","PAX","OST","ZIL","MOC","NPXS","MEDX","SPC","BSV","IOST","XNK","NCASH","JNT","LBA","DENT","DRGN","BTM","ELF","BTT","VITE","IOTX","BTU","SOLVE","NKN","QNT","CTXC","SPND","META","SERV","ANKR","CRO","BTS","FSN","TTC","VBK","ORBS","AERGO","PI","VDX","COSM","ATOM","STPT","CPT","LAMB","EOS","LUNA","DAI","MKR","BORA","TSHP","WAXP"],"exchange-listed":"UPBIT","exchange-traded":"UPBIT","minmovement":1,"minmov2":null,"fractional":false,"pricescale":[100000000,100000000,100000000,100000000,100000000,100000000,100000000,100000000,100000000,100000000,100000000,100000000,100000000,100000000,100000000,100000000,100000000,100000000,100000000,100000000,100000000,100000000,100000000,100000000,100000000,100000000,100000000,100000000,100000000,100000000,100000000,100000000,100000000,100000000,100000000,100000000,100000000,100000000,100000000,100000000,100000000,100000000,100000000,100000000,100000000,100000000,100000000,100000000,100000000,100000000,100000000,100000000,100000000,100000000,100000000,100000000,100000000,100000000,100000000,100000000,100000000,100000000,100000000,100000000,100000000,100000000,100000000,100000000,100000000,100000000,100000000,100000000,100000000,100000000,100000000,100000000,100000000,100000000,100000000,100000000,100000000,100000000,100000000,100000000,100000000,100000000,100000000,100000000,100000000,100000000,100000000,100000000,100000000,100000000,100000000,100000000,100000000,100000000,100000000,100000000,100000000,100000000,100000000,100000000,100000000,100000000,100000000,100000000,100000000,100000000,100000000,100000000,100000000,100000000,100000000,100000000,100000000,100000000,100000000,100000000,100000000,100000000,100000000,100000000,100000000,100000000,100000000,100000000,100000000,100000000,100000000,100000000,100000000,100000000,100000000,100000000,100000000,100000000,100000000,100000000,100000000,100000000,100000000,100000000,100000000,100000000,100000000,100000000,100000000,100000000,100000000,100000000,100000000,100000000,100000000,100000000,100000000,100000000,100000000,100000000,100000000,100000000,100000000,100000000,100000000,100000000,100000000,100000000,100000000,100000000,100000000,100000000,100000000],"has-intraday":true,"has-no-volume":[false,false,false,false,false,false,false,false,false,false,false,false,false,false,false,false,false,false,false,false,false,false,false,false,false,false,false,false,false,false,false,false,false,false,false,false,false,false,false,false,false,false,false,false,false,false,false,false,false,false,false,false,false,false,false,false,false,false,false,false,false,false,false,false,false,false,false,false,false,false,false,false,false,false,false,false,false,false,false,false,false,false,false,false,false,false,false,false,false,false,false,false,false,false,false,false,false,false,false,false,false,false,false,false,false,false,false,false,false,false,false,false,false,false,false,false,false,false,false,false,false,false,false,false,false,false,false,false,false,false,false,false,false,false,false,false,false,false,false,false,false,false,false,false,false,false,false,false,false,false,false,false,false,false,false,false,false,false,false,false,false,false,false,false,false,false,false,false,false,false,false,false,false],"type":["crypto","crypto","crypto","crypto","crypto","crypto","crypto","crypto","crypto","crypto","crypto","crypto","crypto","crypto","crypto","crypto","crypto","crypto","crypto","crypto","crypto","crypto","crypto","crypto","crypto","crypto","crypto","crypto","crypto","crypto","crypto","crypto","crypto","crypto","crypto","crypto","crypto","crypto","crypto","crypto","crypto","crypto","crypto","crypto","crypto","crypto","crypto","crypto","crypto","crypto","crypto","crypto","crypto","crypto","crypto","crypto","crypto","crypto","crypto","crypto","crypto","crypto","crypto","crypto","crypto","crypto","crypto","crypto","crypto","crypto","crypto","crypto","crypto","crypto","crypto","crypto","crypto","crypto","crypto","crypto","crypto","crypto","crypto","crypto","crypto","crypto","crypto","crypto","crypto","crypto","crypto","crypto","crypto","crypto","crypto","crypto","crypto","crypto","crypto","crypto","crypto","crypto","crypto","crypto","crypto","crypto","crypto","crypto","crypto","crypto","crypto","crypto","crypto","crypto","crypto","crypto","crypto","crypto","crypto","crypto","crypto","crypto","crypto","crypto","crypto","crypto","crypto","crypto","crypto","crypto","crypto","crypto","crypto","crypto","crypto","crypto","crypto","crypto","crypto","crypto","crypto","crypto","crypto","crypto","crypto","crypto","crypto","crypto","crypto","crypto","crypto","crypto","crypto","crypto","crypto","crypto","crypto","crypto","crypto","crypto","crypto","crypto","crypto","crypto","crypto","crypto","crypto","crypto","crypto","crypto","crypto","crypto","crypto"],"timezone":"Etc/UTC","session-regular":"24x7","has-daily":true,"has-weekly-and-monthly":false,"intraday-multipliers":[["1","3","5","10","15","30","60","240"],["1","3","5","10","15","30","60","240"],["1","3","5","10","15","30","60","240"],["1","3","5","10","15","30","60","240"],["1","3","5","10","15","30","60","240"],["1","3","5","10","15","30","60","240"],["1","3","5","10","15","30","60","240"],["1","3","5","10","15","30","60","240"],["1","3","5","10","15","30","60","240"],["1","3","5","10","15","30","60","240"],["1","3","5","10","15","30","60","240"],["1","3","5","10","15","30","60","240"],["1","3","5","10","15","30","60","240"],["1","3","5","10","15","30","60","240"],["1","3","5","10","15","30","60","240"],["1","3","5","10","15","30","60","240"],["1","3","5","10","15","30","60","240"],["1","3","5","10","15","30","60","240"],["1","3","5","10","15","30","60","240"],["1","3","5","10","15","30","60","240"],["1","3","5","10","15","30","60","240"],["1","3","5","10","15","30","60","240"],["1","3","5","10","15","30","60","240"],["1","3","5","10","15","30","60","240"],["1","3","5","10","15","30","60","240"],["1","3","5","10","15","30","60","240"],["1","3","5","10","15","30","60","240"],["1","3","5","10","15","30","60","240"],["1","3","5","10","15","30","60","240"],["1","3","5","10","15","30","60","240"],["1","3","5","10","15","30","60","240"],["1","3","5","10","15","30","60","240"],["1","3","5","10","15","30","60","240"],["1","3","5","10","15","30","60","240"],["1","3","5","10","15","30","60","240"],["1","3","5","10","15","30","60","240"],["1","3","5","10","15","30","60","240"],["1","3","5","10","15","30","60","240"],["1","3","5","10","15","30","60","240"],["1","3","5","10","15","30","60","240"],["1","3","5","10","15","30","60","240"],["1","3","5","10","15","30","60","240"],["1","3","5","10","15","30","60","240"],["1","3","5","10","15","30","60","240"],["1","3","5","10","15","30","60","240"],["1","3","5","10","15","30","60","240"],["1","3","5","10","15","30","60","240"],["1","3","5","10","15","30","60","240"],["1","3","5","10","15","30","60","240"],["1","3","5","10","15","30","60","240"],["1","3","5","10","15","30","60","240"],["1","3","5","10","15","30","60","240"],["1","3","5","10","15","30","60","240"],["1","3","5","10","15","30","60","240"],["1","3","5","10","15","30","60","240"],["1","3","5","10","15","30","60","240"],["1","3","5","10","15","30","60","240"],["1","3","5","10","15","30","60","240"],["1","3","5","10","15","30","60","240"],["1","3","5","10","15","30","60","240"],["1","3","5","10","15","30","60","240"],["1","3","5","10","15","30","60","240"],["1","3","5","10","15","30","60","240"],["1","3","5","10","15","30","60","240"],["1","3","5","10","15","30","60","240"],["1","3","5","10","15","30","60","240"],["1","3","5","10","15","30","60","240"],["1","3","5","10","15","30","60","240"],["1","3","5","10","15","30","60","240"],["1","3","5","10","15","30","60","240"],["1","3","5","10","15","30","60","240"],["1","3","5","10","15","30","60","240"],["1","3","5","10","15","30","60","240"],["1","3","5","10","15","30","60","240"],["1","3","5","10","15","30","60","240"],["1","3","5","10","15","30","60","240"],["1","3","5","10","15","30","60","240"],["1","3","5","10","15","30","60","240"],["1","3","5","10","15","30","60","240"],["1","3","5","10","15","30","60","240"],["1","3","5","10","15","30","60","240"],["1","3","5","10","15","30","60","240"],["1","3","5","10","15","30","60","240"],["1","3","5","10","15","30","60","240"],["1","3","5","10","15","30","60","240"],["1","3","5","10","15","30","60","240"],["1","3","5","10","15","30","60","240"],["1","3","5","10","15","30","60","240"],["1","3","5","10","15","30","60","240"],["1","3","5","10","15","30","60","240"],["1","3","5","10","15","30","60","240"],["1","3","5","10","15","30","60","240"],["1","3","5","10","15","30","60","240"],["1","3","5","10","15","30","60","240"],["1","3","5","10","15","30","60","240"],["1","3","5","10","15","30","60","240"],["1","3","5","10","15","30","60","240"],["1","3","5","10","15","30","60","240"],["1","3","5","10","15","30","60","240"],["1","3","5","10","15","30","60","240"],["1","3","5","10","15","30","60","240"],["1","3","5","10","15","30","60","240"],["1","3","5","10","15","30","60","240"],["1","3","5","10","15","30","60","240"],["1","3","5","10","15","30","60","240"],["1","3","5","10","15","30","60","240"],["1","3","5","10","15","30","60","240"],["1","3","5","10","15","30","60","240"],["1","3","5","10","15","30","60","240"],["1","3","5","10","15","30","60","240"],["1","3","5","10","15","30","60","240"],["1","3","5","10","15","30","60","240"],["1","3","5","10","15","30","60","240"],["1","3","5","10","15","30","60","240"],["1","3","5","10","15","30","60","240"],["1","3","5","10","15","30","60","240"],["1","3","5","10","15","30","60","240"],["1","3","5","10","15","30","60","240"],["1","3","5","10","15","30","60","240"],["1","3","5","10","15","30","60","240"],["1","3","5","10","15","30","60","240"],["1","3","5","10","15","30","60","240"],["1","3","5","10","15","30","60","240"],["1","3","5","10","15","30","60","240"],["1","3","5","10","15","30","60","240"],["1","3","5","10","15","30","60","240"],["1","3","5","10","15","30","60","240"],["1","3","5","10","15","30","60","240"],["1","3","5","10","15","30","60","240"],["1","3","5","10","15","30","60","240"],["1","3","5","10","15","30","60","240"],["1","3","5","10","15","30","60","240"],["1","3","5","10","15","30","60","240"],["1","3","5","10","15","30","60","240"],["1","3","5","10","15","30","60","240"],["1","3","5","10","15","30","60","240"],["1","3","5","10","15","30","60","240"],["1","3","5","10","15","30","60","240"],["1","3","5","10","15","30","60","240"],["1","3","5","10","15","30","60","240"],["1","3","5","10","15","30","60","240"],["1","3","5","10","15","30","60","240"],["1","3","5","10","15","30","60","240"],["1","3","5","10","15","30","60","240"],["1","3","5","10","15","30","60","240"],["1","3","5","10","15","30","60","240"],["1","3","5","10","15","30","60","240"],["1","3","5","10","15","30","60","240"],["1","3","5","10","15","30","60","240"],["1","3","5","10","15","30","60","240"],["1","3","5","10","15","30","60","240"],["1","3","5","10","15","30","60","240"],["1","3","5","10","15","30","60","240"],["1","3","5","10","15","30","60","240"],["1","3","5","10","15","30","60","240"],["1","3","5","10","15","30","60","240"],["1","3","5","10","15","30","60","240"],["1","3","5","10","15","30","60","240"],["1","3","5","10","15","30","60","240"],["1","3","5","10","15","30","60","240"],["1","3","5","10","15","30","60","240"],["1","3","5","10","15","30","60","240"],["1","3","5","10","15","30","60","240"],["1","3","5","10","15","30","60","240"],["1","3","5","10","15","30","60","240"],["1","3","5","10","15","30","60","240"],["1","3","5","10","15","30","60","240"],["1","3","5","10","15","30","60","240"],["1","3","5","10","15","30","60","240"],["1","3","5","10","15","30","60","240"],["1","3","5","10","15","30","60","240"],["1","3","5","10","15","30","60","240"],["1","3","5","10","15","30","60","240"]],"supported-resolutions":[["1","3","5","10","15","30","60","240","1D"],["1","3","5","10","15","30","60","240","1D"],["1","3","5","10","15","30","60","240","1D"],["1","3","5","10","15","30","60","240","1D"],["1","3","5","10","15","30","60","240","1D"],["1","3","5","10","15","30","60","240","1D"],["1","3","5","10","15","30","60","240","1D"],["1","3","5","10","15","30","60","240","1D"],["1","3","5","10","15","30","60","240","1D"],["1","3","5","10","15","30","60","240","1D"],["1","3","5","10","15","30","60","240","1D"],["1","3","5","10","15","30","60","240","1D"],["1","3","5","10","15","30","60","240","1D"],["1","3","5","10","15","30","60","240","1D"],["1","3","5","10","15","30","60","240","1D"],["1","3","5","10","15","30","60","240","1D"],["1","3","5","10","15","30","60","240","1D"],["1","3","5","10","15","30","60","240","1D"],["1","3","5","10","15","30","60","240","1D"],["1","3","5","10","15","30","60","240","1D"],["1","3","5","10","15","30","60","240","1D"],["1","3","5","10","15","30","60","240","1D"],["1","3","5","10","15","30","60","240","1D"],["1","3","5","10","15","30","60","240","1D"],["1","3","5","10","15","30","60","240","1D"],["1","3","5","10","15","30","60","240","1D"],["1","3","5","10","15","30","60","240","1D"],["1","3","5","10","15","30","60","240","1D"],["1","3","5","10","15","30","60","240","1D"],["1","3","5","10","15","30","60","240","1D"],["1","3","5","10","15","30","60","240","1D"],["1","3","5","10","15","30","60","240","1D"],["1","3","5","10","15","30","60","240","1D"],["1","3","5","10","15","30","60","240","1D"],["1","3","5","10","15","30","60","240","1D"],["1","3","5","10","15","30","60","240","1D"],["1","3","5","10","15","30","60","240","1D"],["1","3","5","10","15","30","60","240","1D"],["1","3","5","10","15","30","60","240","1D"],["1","3","5","10","15","30","60","240","1D"],["1","3","5","10","15","30","60","240","1D"],["1","3","5","10","15","30","60","240","1D"],["1","3","5","10","15","30","60","240","1D"],["1","3","5","10","15","30","60","240","1D"],["1","3","5","10","15","30","60","240","1D"],["1","3","5","10","15","30","60","240","1D"],["1","3","5","10","15","30","60","240","1D"],["1","3","5","10","15","30","60","240","1D"],["1","3","5","10","15","30","60","240","1D"],["1","3","5","10","15","30","60","240","1D"],["1","3","5","10","15","30","60","240","1D"],["1","3","5","10","15","30","60","240","1D"],["1","3","5","10","15","30","60","240","1D"],["1","3","5","10","15","30","60","240","1D"],["1","3","5","10","15","30","60","240","1D"],["1","3","5","10","15","30","60","240","1D"],["1","3","5","10","15","30","60","240","1D"],["1","3","5","10","15","30","60","240","1D"],["1","3","5","10","15","30","60","240","1D"],["1","3","5","10","15","30","60","240","1D"],["1","3","5","10","15","30","60","240","1D"],["1","3","5","10","15","30","60","240","1D"],["1","3","5","10","15","30","60","240","1D"],["1","3","5","10","15","30","60","240","1D"],["1","3","5","10","15","30","60","240","1D"],["1","3","5","10","15","30","60","240","1D"],["1","3","5","10","15","30","60","240","1D"],["1","3","5","10","15","30","60","240","1D"],["1","3","5","10","15","30","60","240","1D"],["1","3","5","10","15","30","60","240","1D"],["1","3","5","10","15","30","60","240","1D"],["1","3","5","10","15","30","60","240","1D"],["1","3","5","10","15","30","60","240","1D"],["1","3","5","10","15","30","60","240","1D"],["1","3","5","10","15","30","60","240","1D"],["1","3","5","10","15","30","60","240","1D"],["1","3","5","10","15","30","60","240","1D"],["1","3","5","10","15","30","60","240","1D"],["1","3","5","10","15","30","60","240","1D"],["1","3","5","10","15","30","60","240","1D"],["1","3","5","10","15","30","60","240","1D"],["1","3","5","10","15","30","60","240","1D"],["1","3","5","10","15","30","60","240","1D"],["1","3","5","10","15","30","60","240","1D"],["1","3","5","10","15","30","60","240","1D"],["1","3","5","10","15","30","60","240","1D"],["1","3","5","10","15","30","60","240","1D"],["1","3","5","10","15","30","60","240","1D"],["1","3","5","10","15","30","60","240","1D"],["1","3","5","10","15","30","60","240","1D"],["1","3","5","10","15","30","60","240","1D"],["1","3","5","10","15","30","60","240","1D"],["1","3","5","10","15","30","60","240","1D"],["1","3","5","10","15","30","60","240","1D"],["1","3","5","10","15","30","60","240","1D"],["1","3","5","10","15","30","60","240","1D"],["1","3","5","10","15","30","60","240","1D"],["1","3","5","10","15","30","60","240","1D"],["1","3","5","10","15","30","60","240","1D"],["1","3","5","10","15","30","60","240","1D"],["1","3","5","10","15","30","60","240","1D"],["1","3","5","10","15","30","60","240","1D"],["1","3","5","10","15","30","60","240","1D"],["1","3","5","10","15","30","60","240","1D"],["1","3","5","10","15","30","60","240","1D"],["1","3","5","10","15","30","60","240","1D"],["1","3","5","10","15","30","60","240","1D"],["1","3","5","10","15","30","60","240","1D"],["1","3","5","10","15","30","60","240","1D"],["1","3","5","10","15","30","60","240","1D"],["1","3","5","10","15","30","60","240","1D"],["1","3","5","10","15","30","60","240","1D"],["1","3","5","10","15","30","60","240","1D"],["1","3","5","10","15","30","60","240","1D"],["1","3","5","10","15","30","60","240","1D"],["1","3","5","10","15","30","60","240","1D"],["1","3","5","10","15","30","60","240","1D"],["1","3","5","10","15","30","60","240","1D"],["1","3","5","10","15","30","60","240","1D"],["1","3","5","10","15","30","60","240","1D"],["1","3","5","10","15","30","60","240","1D"],["1","3","5","10","15","30","60","240","1D"],["1","3","5","10","15","30","60","240","1D"],["1","3","5","10","15","30","60","240","1D"],["1","3","5","10","15","30","60","240","1D"],["1","3","5","10","15","30","60","240","1D"],["1","3","5","10","15","30","60","240","1D"],["1","3","5","10","15","30","60","240","1D"],["1","3","5","10","15","30","60","240","1D"],["1","3","5","10","15","30","60","240","1D"],["1","3","5","10","15","30","60","240","1D"],["1","3","5","10","15","30","60","240","1D"],["1","3","5","10","15","30","60","240","1D"],["1","3","5","10","15","30","60","240","1D"],["1","3","5","10","15","30","60","240","1D"],["1","3","5","10","15","30","60","240","1D"],["1","3","5","10","15","30","60","240","1D"],["1","3","5","10","15","30","60","240","1D"],["1","3","5","10","15","30","60","240","1D"],["1","3","5","10","15","30","60","240","1D"],["1","3","5","10","15","30","60","240","1D"],["1","3","5","10","15","30","60","240","1D"],["1","3","5","10","15","30","60","240","1D"],["1","3","5","10","15","30","60","240","1D"],["1","3","5","10","15","30","60","240","1D"],["1","3","5","10","15","30","60","240","1D"],["1","3","5","10","15","30","60","240","1D"],["1","3","5","10","15","30","60","240","1D"],["1","3","5","10","15","30","60","240","1D"],["1","3","5","10","15","30","60","240","1D"],["1","3","5","10","15","30","60","240","1D"],["1","3","5","10","15","30","60","240","1D"],["1","3","5","10","15","30","60","240","1D"],["1","3","5","10","15","30","60","240","1D"],["1","3","5","10","15","30","60","240","1D"],["1","3","5","10","15","30","60","240","1D"],["1","3","5","10","15","30","60","240","1D"],["1","3","5","10","15","30","60","240","1D"],["1","3","5","10","15","30","60","240","1D"],["1","3","5","10","15","30","60","240","1D"],["1","3","5","10","15","30","60","240","1D"],["1","3","5","10","15","30","60","240","1D"],["1","3","5","10","15","30","60","240","1D"],["1","3","5","10","15","30","60","240","1D"],["1","3","5","10","15","30","60","240","1D"],["1","3","5","10","15","30","60","240","1D"],["1","3","5","10","15","30","60","240","1D"],["1","3","5","10","15","30","60","240","1D"],["1","3","5","10","15","30","60","240","1D"],["1","3","5","10","15","30","60","240","1D"],["1","3","5","10","15","30","60","240","1D"],["1","3","5","10","15","30","60","240","1D"],["1","3","5","10","15","30","60","240","1D"]]}'
    http_version: 
  recorded_at: Thu, 24 Oct 2019 04:32:23 GMT
- request:
    method: get
    uri: https://crix-api-sg-tv.upbit.com/v1/crix/tradingview/symbol_info?group=ETH&region=id
    body:
      encoding: UTF-8
      string: ''
    headers:
      Connection:
      - close
      Host:
      - crix-api-sg-tv.upbit.com
      User-Agent:
      - http.rb/5.0.0.pre
  response:
    status:
      code: 200
      message: OK
    headers:
      Date:
      - Thu, 24 Oct 2019 04:32:24 GMT
      Content-Type:
      - application/json;charset=UTF-8
      Content-Length:
      - '6773'
      Connection:
      - close
      Etag:
      - '"0f2a2bfa04a15f40ffc9c6ccc54f2f351"'
      X-Content-Type-Options:
      - nosniff
      X-Xss-Protection:
      - 1; mode=block
      Cache-Control:
      - no-cache, no-store, max-age=0, must-revalidate
      Pragma:
      - no-cache
      Expires:
      - '0'
      X-Frame-Options:
      - DENY
      Vary:
      - accept-encoding
    body:
      encoding: UTF-8
      string: '{"symbol":["LTCETH","STRATETH","XRPETH","ETCETH","OMGETH","CVCETH","DGBETH","PAYETH","SCETH","SNTETH","WAVESETH","XEMETH","QTUMETH","GNTETH","BATETH","BNTETH","XLMETH","MCOETH","ADXETH","ANTETH","REPETH","GNOETH","MANAETH","VIBETH","POWRETH","SRNETH","ZRXETH","TRXETH","TUSDETH","ADAETH","ENGETH","UKGETH","DMTETH","STORMETH","OCNETH","BCHETH","WAXPETH"],"currency":["ETH","ETH","ETH","ETH","ETH","ETH","ETH","ETH","ETH","ETH","ETH","ETH","ETH","ETH","ETH","ETH","ETH","ETH","ETH","ETH","ETH","ETH","ETH","ETH","ETH","ETH","ETH","ETH","ETH","ETH","ETH","ETH","ETH","ETH","ETH","ETH","ETH"],"ticker":["LTCETH","STRATETH","XRPETH","ETCETH","OMGETH","CVCETH","DGBETH","PAYETH","SCETH","SNTETH","WAVESETH","XEMETH","QTUMETH","GNTETH","BATETH","BNTETH","XLMETH","MCOETH","ADXETH","ANTETH","REPETH","GNOETH","MANAETH","VIBETH","POWRETH","SRNETH","ZRXETH","TRXETH","TUSDETH","ADAETH","ENGETH","UKGETH","DMTETH","STORMETH","OCNETH","BCHETH","WAXPETH"],"description":["LTC/ETH","STRAT/ETH","XRP/ETH","ETC/ETH","OMG/ETH","CVC/ETH","DGB/ETH","PAY/ETH","SC/ETH","SNT/ETH","WAVES/ETH","XEM/ETH","QTUM/ETH","GNT/ETH","BAT/ETH","BNT/ETH","XLM/ETH","MCO/ETH","ADX/ETH","ANT/ETH","REP/ETH","GNO/ETH","MANA/ETH","VIB/ETH","POWR/ETH","SRN/ETH","ZRX/ETH","TRX/ETH","TUSD/ETH","ADA/ETH","ENG/ETH","UKG/ETH","DMT/ETH","STORM/ETH","OCN/ETH","BCH/ETH","WAXP/ETH"],"upbit-symbol":["CRIX.UPBIT.ETH-LTC","CRIX.UPBIT.ETH-STRAT","CRIX.UPBIT.ETH-XRP","CRIX.UPBIT.ETH-ETC","CRIX.UPBIT.ETH-OMG","CRIX.UPBIT.ETH-CVC","CRIX.UPBIT.ETH-DGB","CRIX.UPBIT.ETH-PAY","CRIX.UPBIT.ETH-SC","CRIX.UPBIT.ETH-SNT","CRIX.UPBIT.ETH-WAVES","CRIX.UPBIT.ETH-XEM","CRIX.UPBIT.ETH-QTUM","CRIX.UPBIT.ETH-GNT","CRIX.UPBIT.ETH-BAT","CRIX.UPBIT.ETH-BNT","CRIX.UPBIT.ETH-XLM","CRIX.UPBIT.ETH-MCO","CRIX.UPBIT.ETH-ADX","CRIX.UPBIT.ETH-ANT","CRIX.UPBIT.ETH-REP","CRIX.UPBIT.ETH-GNO","CRIX.UPBIT.ETH-MANA","CRIX.UPBIT.ETH-VIB","CRIX.UPBIT.ETH-POWR","CRIX.UPBIT.ETH-SRN","CRIX.UPBIT.ETH-ZRX","CRIX.UPBIT.ETH-TRX","CRIX.UPBIT.ETH-TUSD","CRIX.UPBIT.ETH-ADA","CRIX.UPBIT.ETH-ENG","CRIX.UPBIT.ETH-UKG","CRIX.UPBIT.ETH-DMT","CRIX.UPBIT.ETH-STORM","CRIX.UPBIT.ETH-OCN","CRIX.UPBIT.ETH-BCH","CRIX.UPBIT.ETH-WAXP"],"base-currency":["LTC","STRAT","XRP","ETC","OMG","CVC","DGB","PAY","SC","SNT","WAVES","XEM","QTUM","GNT","BAT","BNT","XLM","MCO","ADX","ANT","REP","GNO","MANA","VIB","POWR","SRN","ZRX","TRX","TUSD","ADA","ENG","UKG","DMT","STORM","OCN","BCH","WAXP"],"exchange-listed":"UPBIT","exchange-traded":"UPBIT","minmovement":1,"minmov2":null,"fractional":false,"pricescale":[100000000,100000000,100000000,100000000,100000000,100000000,100000000,100000000,100000000,100000000,100000000,100000000,100000000,100000000,100000000,100000000,100000000,100000000,100000000,100000000,100000000,100000000,100000000,100000000,100000000,100000000,100000000,100000000,100000000,100000000,100000000,100000000,100000000,100000000,100000000,100000000,100000000],"has-intraday":true,"has-no-volume":[false,false,false,false,false,false,false,false,false,false,false,false,false,false,false,false,false,false,false,false,false,false,false,false,false,false,false,false,false,false,false,false,false,false,false,false,false],"type":["crypto","crypto","crypto","crypto","crypto","crypto","crypto","crypto","crypto","crypto","crypto","crypto","crypto","crypto","crypto","crypto","crypto","crypto","crypto","crypto","crypto","crypto","crypto","crypto","crypto","crypto","crypto","crypto","crypto","crypto","crypto","crypto","crypto","crypto","crypto","crypto","crypto"],"timezone":"Etc/UTC","session-regular":"24x7","has-daily":true,"has-weekly-and-monthly":false,"intraday-multipliers":[["1","3","5","10","15","30","60","240"],["1","3","5","10","15","30","60","240"],["1","3","5","10","15","30","60","240"],["1","3","5","10","15","30","60","240"],["1","3","5","10","15","30","60","240"],["1","3","5","10","15","30","60","240"],["1","3","5","10","15","30","60","240"],["1","3","5","10","15","30","60","240"],["1","3","5","10","15","30","60","240"],["1","3","5","10","15","30","60","240"],["1","3","5","10","15","30","60","240"],["1","3","5","10","15","30","60","240"],["1","3","5","10","15","30","60","240"],["1","3","5","10","15","30","60","240"],["1","3","5","10","15","30","60","240"],["1","3","5","10","15","30","60","240"],["1","3","5","10","15","30","60","240"],["1","3","5","10","15","30","60","240"],["1","3","5","10","15","30","60","240"],["1","3","5","10","15","30","60","240"],["1","3","5","10","15","30","60","240"],["1","3","5","10","15","30","60","240"],["1","3","5","10","15","30","60","240"],["1","3","5","10","15","30","60","240"],["1","3","5","10","15","30","60","240"],["1","3","5","10","15","30","60","240"],["1","3","5","10","15","30","60","240"],["1","3","5","10","15","30","60","240"],["1","3","5","10","15","30","60","240"],["1","3","5","10","15","30","60","240"],["1","3","5","10","15","30","60","240"],["1","3","5","10","15","30","60","240"],["1","3","5","10","15","30","60","240"],["1","3","5","10","15","30","60","240"],["1","3","5","10","15","30","60","240"],["1","3","5","10","15","30","60","240"],["1","3","5","10","15","30","60","240"]],"supported-resolutions":[["1","3","5","10","15","30","60","240","1D"],["1","3","5","10","15","30","60","240","1D"],["1","3","5","10","15","30","60","240","1D"],["1","3","5","10","15","30","60","240","1D"],["1","3","5","10","15","30","60","240","1D"],["1","3","5","10","15","30","60","240","1D"],["1","3","5","10","15","30","60","240","1D"],["1","3","5","10","15","30","60","240","1D"],["1","3","5","10","15","30","60","240","1D"],["1","3","5","10","15","30","60","240","1D"],["1","3","5","10","15","30","60","240","1D"],["1","3","5","10","15","30","60","240","1D"],["1","3","5","10","15","30","60","240","1D"],["1","3","5","10","15","30","60","240","1D"],["1","3","5","10","15","30","60","240","1D"],["1","3","5","10","15","30","60","240","1D"],["1","3","5","10","15","30","60","240","1D"],["1","3","5","10","15","30","60","240","1D"],["1","3","5","10","15","30","60","240","1D"],["1","3","5","10","15","30","60","240","1D"],["1","3","5","10","15","30","60","240","1D"],["1","3","5","10","15","30","60","240","1D"],["1","3","5","10","15","30","60","240","1D"],["1","3","5","10","15","30","60","240","1D"],["1","3","5","10","15","30","60","240","1D"],["1","3","5","10","15","30","60","240","1D"],["1","3","5","10","15","30","60","240","1D"],["1","3","5","10","15","30","60","240","1D"],["1","3","5","10","15","30","60","240","1D"],["1","3","5","10","15","30","60","240","1D"],["1","3","5","10","15","30","60","240","1D"],["1","3","5","10","15","30","60","240","1D"],["1","3","5","10","15","30","60","240","1D"],["1","3","5","10","15","30","60","240","1D"],["1","3","5","10","15","30","60","240","1D"],["1","3","5","10","15","30","60","240","1D"],["1","3","5","10","15","30","60","240","1D"]]}'
    http_version: 
  recorded_at: Thu, 24 Oct 2019 04:32:24 GMT
- request:
    method: get
    uri: https://crix-api-sg-tv.upbit.com/v1/crix/tradingview/symbol_info?group=USDT&region=id
    body:
      encoding: UTF-8
      string: ''
    headers:
      Connection:
      - close
      Host:
      - crix-api-sg-tv.upbit.com
      User-Agent:
      - http.rb/5.0.0.pre
  response:
    status:
      code: 200
      message: OK
    headers:
      Date:
      - Thu, 24 Oct 2019 04:32:24 GMT
      Content-Type:
      - application/json;charset=UTF-8
      Content-Length:
      - '3479'
      Connection:
      - close
      Etag:
      - '"0cfb58ba140d75d1d8f6c60a75d0d442b"'
      X-Content-Type-Options:
      - nosniff
      X-Xss-Protection:
      - 1; mode=block
      Cache-Control:
      - no-cache, no-store, max-age=0, must-revalidate
      Pragma:
      - no-cache
      Expires:
      - '0'
      X-Frame-Options:
      - DENY
      Vary:
      - accept-encoding
    body:
      encoding: UTF-8
      string: '{"symbol":["BTCUSDT","ETHUSDT","LTCUSDT","XRPUSDT","ETCUSDT","OMGUSDT","XVGUSDT","ADAUSDT","TUSDUSDT","SCUSDT","TRXUSDT","DCRUSDT","BCHUSDT","DGBUSDT","DOGEUSDT","ZRXUSDT","RVNUSDT","BATUSDT"],"currency":["USDT","USDT","USDT","USDT","USDT","USDT","USDT","USDT","USDT","USDT","USDT","USDT","USDT","USDT","USDT","USDT","USDT","USDT"],"ticker":["BTCUSDT","ETHUSDT","LTCUSDT","XRPUSDT","ETCUSDT","OMGUSDT","XVGUSDT","ADAUSDT","TUSDUSDT","SCUSDT","TRXUSDT","DCRUSDT","BCHUSDT","DGBUSDT","DOGEUSDT","ZRXUSDT","RVNUSDT","BATUSDT"],"description":["BTC/USDT","ETH/USDT","LTC/USDT","XRP/USDT","ETC/USDT","OMG/USDT","XVG/USDT","ADA/USDT","TUSD/USDT","SC/USDT","TRX/USDT","DCR/USDT","BCH/USDT","DGB/USDT","DOGE/USDT","ZRX/USDT","RVN/USDT","BAT/USDT"],"upbit-symbol":["CRIX.UPBIT.USDT-BTC","CRIX.UPBIT.USDT-ETH","CRIX.UPBIT.USDT-LTC","CRIX.UPBIT.USDT-XRP","CRIX.UPBIT.USDT-ETC","CRIX.UPBIT.USDT-OMG","CRIX.UPBIT.USDT-XVG","CRIX.UPBIT.USDT-ADA","CRIX.UPBIT.USDT-TUSD","CRIX.UPBIT.USDT-SC","CRIX.UPBIT.USDT-TRX","CRIX.UPBIT.USDT-DCR","CRIX.UPBIT.USDT-BCH","CRIX.UPBIT.USDT-DGB","CRIX.UPBIT.USDT-DOGE","CRIX.UPBIT.USDT-ZRX","CRIX.UPBIT.USDT-RVN","CRIX.UPBIT.USDT-BAT"],"base-currency":["BTC","ETH","LTC","XRP","ETC","OMG","XVG","ADA","TUSD","SC","TRX","DCR","BCH","DGB","DOGE","ZRX","RVN","BAT"],"exchange-listed":"UPBIT","exchange-traded":"UPBIT","minmovement":1,"minmov2":null,"fractional":false,"pricescale":[1000,1000,1000,1000,1000,1000,1000,1000,1000,1000,1000,1000,1000,1000,1000,1000,1000,1000],"has-intraday":true,"has-no-volume":[false,false,false,false,false,false,false,false,false,false,false,false,false,false,false,false,false,false],"type":["crypto","crypto","crypto","crypto","crypto","crypto","crypto","crypto","crypto","crypto","crypto","crypto","crypto","crypto","crypto","crypto","crypto","crypto"],"timezone":"Etc/UTC","session-regular":"24x7","has-daily":true,"has-weekly-and-monthly":false,"intraday-multipliers":[["1","3","5","10","15","30","60","240"],["1","3","5","10","15","30","60","240"],["1","3","5","10","15","30","60","240"],["1","3","5","10","15","30","60","240"],["1","3","5","10","15","30","60","240"],["1","3","5","10","15","30","60","240"],["1","3","5","10","15","30","60","240"],["1","3","5","10","15","30","60","240"],["1","3","5","10","15","30","60","240"],["1","3","5","10","15","30","60","240"],["1","3","5","10","15","30","60","240"],["1","3","5","10","15","30","60","240"],["1","3","5","10","15","30","60","240"],["1","3","5","10","15","30","60","240"],["1","3","5","10","15","30","60","240"],["1","3","5","10","15","30","60","240"],["1","3","5","10","15","30","60","240"],["1","3","5","10","15","30","60","240"]],"supported-resolutions":[["1","3","5","10","15","30","60","240","1D"],["1","3","5","10","15","30","60","240","1D"],["1","3","5","10","15","30","60","240","1D"],["1","3","5","10","15","30","60","240","1D"],["1","3","5","10","15","30","60","240","1D"],["1","3","5","10","15","30","60","240","1D"],["1","3","5","10","15","30","60","240","1D"],["1","3","5","10","15","30","60","240","1D"],["1","3","5","10","15","30","60","240","1D"],["1","3","5","10","15","30","60","240","1D"],["1","3","5","10","15","30","60","240","1D"],["1","3","5","10","15","30","60","240","1D"],["1","3","5","10","15","30","60","240","1D"],["1","3","5","10","15","30","60","240","1D"],["1","3","5","10","15","30","60","240","1D"],["1","3","5","10","15","30","60","240","1D"],["1","3","5","10","15","30","60","240","1D"],["1","3","5","10","15","30","60","240","1D"]]}'
    http_version: 
  recorded_at: Thu, 24 Oct 2019 04:32:24 GMT
recorded_with: VCR 4.0.0
